ordinary-alias = foo bar baz
home-directory-notation = HOME/...
strange-home-directory-notation = HOME = ~
inline-shell-script = "!f() {\
	\"\n\
	\\\n\
	'\n\
}; f"
not-an-inline-shell-script = <<< white album >>>
home-directory-notation-not-expanded-in-inline-shell-script = "!f() {\
	= ~\n\
}; f"
